Archive member included to satisfy reference by file (symbol)

/usr/bin/../lib/gcc/arm-none-eabi/8.2.1/../../../../arm-none-eabi/lib/thumb/v7e-m/nofp/libg_nano.a(lib_a-errno.o)
                              CMakeFiles/f3_blink.elf.dir/Src/syscalls.c.obj (__errno)
/usr/bin/../lib/gcc/arm-none-eabi/8.2.1/../../../../arm-none-eabi/lib/thumb/v7e-m/nofp/libg_nano.a(lib_a-exit.o)
                              /usr/bin/../lib/gcc/arm-none-eabi/8.2.1/../../../../arm-none-eabi/lib/thumb/v7e-m/nofp/crt0.o (exit)
/usr/bin/../lib/gcc/arm-none-eabi/8.2.1/../../../../arm-none-eabi/lib/thumb/v7e-m/nofp/libg_nano.a(lib_a-impure.o)
                              /usr/bin/../lib/gcc/arm-none-eabi/8.2.1/../../../../arm-none-eabi/lib/thumb/v7e-m/nofp/libg_nano.a(lib_a-exit.o) (_global_impure_ptr)
/usr/bin/../lib/gcc/arm-none-eabi/8.2.1/../../../../arm-none-eabi/lib/thumb/v7e-m/nofp/libg_nano.a(lib_a-init.o)
                              /usr/bin/../lib/gcc/arm-none-eabi/8.2.1/../../../../arm-none-eabi/lib/thumb/v7e-m/nofp/crt0.o (__libc_init_array)
/usr/bin/../lib/gcc/arm-none-eabi/8.2.1/../../../../arm-none-eabi/lib/thumb/v7e-m/nofp/libg_nano.a(lib_a-memset.o)
                              /usr/bin/../lib/gcc/arm-none-eabi/8.2.1/../../../../arm-none-eabi/lib/thumb/v7e-m/nofp/crt0.o (memset)

Discarded input sections

 .text          0x0000000000000000        0x0 /usr/bin/../lib/gcc/arm-none-eabi/8.2.1/thumb/v7e-m/nofp/crti.o
 .data          0x0000000000000000        0x0 /usr/bin/../lib/gcc/arm-none-eabi/8.2.1/thumb/v7e-m/nofp/crti.o
 .bss           0x0000000000000000        0x0 /usr/bin/../lib/gcc/arm-none-eabi/8.2.1/thumb/v7e-m/nofp/crti.o
 .data          0x0000000000000000        0x4 /usr/bin/../lib/gcc/arm-none-eabi/8.2.1/thumb/v7e-m/nofp/crtbegin.o
 .text          0x0000000000000000       0x74 /usr/bin/../lib/gcc/arm-none-eabi/8.2.1/../../../../arm-none-eabi/lib/thumb/v7e-m/nofp/crt0.o
 .data          0x0000000000000000        0x0 /usr/bin/../lib/gcc/arm-none-eabi/8.2.1/../../../../arm-none-eabi/lib/thumb/v7e-m/nofp/crt0.o
 .bss           0x0000000000000000        0x0 /usr/bin/../lib/gcc/arm-none-eabi/8.2.1/../../../../arm-none-eabi/lib/thumb/v7e-m/nofp/crt0.o
 .ARM.extab     0x0000000000000000        0x0 /usr/bin/../lib/gcc/arm-none-eabi/8.2.1/../../../../arm-none-eabi/lib/thumb/v7e-m/nofp/crt0.o
 .ARM.exidx     0x0000000000000000        0x8 /usr/bin/../lib/gcc/arm-none-eabi/8.2.1/../../../../arm-none-eabi/lib/thumb/v7e-m/nofp/crt0.o
 .ARM.attributes
                0x0000000000000000       0x1c /usr/bin/../lib/gcc/arm-none-eabi/8.2.1/../../../../arm-none-eabi/lib/thumb/v7e-m/nofp/crt0.o
 .text          0x0000000000000000        0x0 CMakeFiles/f3_blink.elf.dir/Drivers/STM32F3xx_HAL_Driver/Src/stm32f3xx_hal.c.obj
 .data          0x0000000000000000        0x0 CMakeFiles/f3_blink.elf.dir/Drivers/STM32F3xx_HAL_Driver/Src/stm32f3xx_hal.c.obj
 .bss           0x0000000000000000        0x0 CMakeFiles/f3_blink.elf.dir/Drivers/STM32F3xx_HAL_Driver/Src/stm32f3xx_hal.c.obj
 .text.HAL_DeInit
                0x0000000000000000       0x3c CMakeFiles/f3_blink.elf.dir/Drivers/STM32F3xx_HAL_Driver/Src/stm32f3xx_hal.c.obj
 .text.HAL_MspInit
                0x0000000000000000        0xc CMakeFiles/f3_blink.elf.dir/Drivers/STM32F3xx_HAL_Driver/Src/stm32f3xx_hal.c.obj
 .text.HAL_MspDeInit
                0x0000000000000000        0xc CMakeFiles/f3_blink.elf.dir/Drivers/STM32F3xx_HAL_Driver/Src/stm32f3xx_hal.c.obj
 .text.HAL_GetTickPrio
                0x0000000000000000       0x14 CMakeFiles/f3_blink.elf.dir/Drivers/STM32F3xx_HAL_Driver/Src/stm32f3xx_hal.c.obj
 .text.HAL_SetTickFreq
                0x0000000000000000       0x40 CMakeFiles/f3_blink.elf.dir/Drivers/STM32F3xx_HAL_Driver/Src/stm32f3xx_hal.c.obj
 .text.HAL_GetTickFreq
                0x0000000000000000       0x14 CMakeFiles/f3_blink.elf.dir/Drivers/STM32F3xx_HAL_Driver/Src/stm32f3xx_hal.c.obj
 .text.HAL_Delay
                0x0000000000000000       0x44 CMakeFiles/f3_blink.elf.dir/Drivers/STM32F3xx_HAL_Driver/Src/stm32f3xx_hal.c.obj
 .text.HAL_SuspendTick
                0x0000000000000000       0x1c CMakeFiles/f3_blink.elf.dir/Drivers/STM32F3xx_HAL_Driver/Src/stm32f3xx_hal.c.obj
 .text.HAL_ResumeTick
                0x0000000000000000       0x1c CMakeFiles/f3_blink.elf.dir/Drivers/STM32F3xx_HAL_Driver/Src/stm32f3xx_hal.c.obj
 .text.HAL_GetHalVersion
                0x0000000000000000       0x14 CMakeFiles/f3_blink.elf.dir/Drivers/STM32F3xx_HAL_Driver/Src/stm32f3xx_hal.c.obj
 .text.HAL_GetREVID
                0x0000000000000000       0x18 CMakeFiles/f3_blink.elf.dir/Drivers/STM32F3xx_HAL_Driver/Src/stm32f3xx_hal.c.obj
 .text.HAL_GetDEVID
                0x0000000000000000       0x18 CMakeFiles/f3_blink.elf.dir/Drivers/STM32F3xx_HAL_Driver/Src/stm32f3xx_hal.c.obj
 .text.HAL_GetUIDw0
                0x0000000000000000       0x14 CMakeFiles/f3_blink.elf.dir/Drivers/STM32F3xx_HAL_Driver/Src/stm32f3xx_hal.c.obj
 .text.HAL_GetUIDw1
[...]
Memory Configuration

Name             Origin             Length             Attributes
RAM              0x0000000020000000 0x0000000000010000 xrw
CCMRAM           0x0000000010000000 0x0000000000004000 rw
FLASH            0x0000000008000000 0x0000000000080000 xr
*default*        0x0000000000000000 0xffffffffffffffff

Linker script and memory map

LOAD /usr/bin/../lib/gcc/arm-none-eabi/8.2.1/thumb/v7e-m/nofp/crti.o
LOAD /usr/bin/../lib/gcc/arm-none-eabi/8.2.1/thumb/v7e-m/nofp/crtbegin.o
LOAD /usr/bin/../lib/gcc/arm-none-eabi/8.2.1/../../../../arm-none-eabi/lib/thumb/v7e-m/nofp/crt0.o
LOAD CMakeFiles/f3_blink.elf.dir/Drivers/STM32F3xx_HAL_Driver/Src/stm32f3xx_hal.c.obj
LOAD CMakeFiles/f3_blink.elf.dir/Drivers/STM32F3xx_HAL_Driver/Src/stm32f3xx_hal_cortex.c.obj
LOAD CMakeFiles/f3_blink.elf.dir/Drivers/STM32F3xx_HAL_Driver/Src/stm32f3xx_hal_dma.c.obj
LOAD CMakeFiles/f3_blink.elf.dir/Drivers/STM32F3xx_HAL_Driver/Src/stm32f3xx_hal_flash.c.obj
LOAD CMakeFiles/f3_blink.elf.dir/Drivers/STM32F3xx_HAL_Driver/Src/stm32f3xx_hal_flash_ex.c.obj
LOAD CMakeFiles/f3_blink.elf.dir/Drivers/STM32F3xx_HAL_Driver/Src/stm32f3xx_hal_gpio.c.obj
LOAD CMakeFiles/f3_blink.elf.dir/Drivers/STM32F3xx_HAL_Driver/Src/stm32f3xx_hal_i2c.c.obj
LOAD CMakeFiles/f3_blink.elf.dir/Drivers/STM32F3xx_HAL_Driver/Src/stm32f3xx_hal_i2c_ex.c.obj
LOAD CMakeFiles/f3_blink.elf.dir/Drivers/STM32F3xx_HAL_Driver/Src/stm32f3xx_hal_pwr.c.obj
LOAD CMakeFiles/f3_blink.elf.dir/Drivers/STM32F3xx_HAL_Driver/Src/stm32f3xx_hal_pwr_ex.c.obj
LOAD CMakeFiles/f3_blink.elf.dir/Drivers/STM32F3xx_HAL_Driver/Src/stm32f3xx_hal_rcc.c.obj
LOAD CMakeFiles/f3_blink.elf.dir/Drivers/STM32F3xx_HAL_Driver/Src/stm32f3xx_hal_rcc_ex.c.obj
LOAD CMakeFiles/f3_blink.elf.dir/Drivers/STM32F3xx_HAL_Driver/Src/stm32f3xx_hal_tim.c.obj
LOAD CMakeFiles/f3_blink.elf.dir/Drivers/STM32F3xx_HAL_Driver/Src/stm32f3xx_hal_tim_ex.c.obj
LOAD CMakeFiles/f3_blink.elf.dir/Drivers/STM32F3xx_HAL_Driver/Src/stm32f3xx_hal_uart.c.obj
LOAD CMakeFiles/f3_blink.elf.dir/Drivers/STM32F3xx_HAL_Driver/Src/stm32f3xx_hal_uart_ex.c.obj
LOAD CMakeFiles/f3_blink.elf.dir/Src/main.c.obj
LOAD CMakeFiles/f3_blink.elf.dir/Src/stm32f3xx_hal_msp.c.obj
LOAD CMakeFiles/f3_blink.elf.dir/Src/stm32f3xx_it.c.obj
LOAD CMakeFiles/f3_blink.elf.dir/Src/syscalls.c.obj
LOAD CMakeFiles/f3_blink.elf.dir/Src/system_stm32f3xx.c.obj
LOAD CMakeFiles/f3_blink.elf.dir/startup/startup_stm32f303xe.s.obj
START GROUP
LOAD /usr/bin/../lib/gcc/arm-none-eabi/8.2.1/thumb/v7e-m/nofp/libgcc.a
LOAD /usr/bin/../lib/gcc/arm-none-eabi/8.2.1/../../../../arm-none-eabi/lib/thumb/v7e-m/nofp/libg_nano.a
LOAD /usr/bin/../lib/gcc/arm-none-eabi/8.2.1/../../../../arm-none-eabi/lib/thumb/v7e-m/nofp/libc_nano.a
END GROUP
START GROUP
LOAD /usr/bin/../lib/gcc/arm-none-eabi/8.2.1/thumb/v7e-m/nofp/libgcc.a
LOAD /usr/bin/../lib/gcc/arm-none-eabi/8.2.1/../../../../arm-none-eabi/lib/thumb/v7e-m/nofp/libc_nano.a
LOAD /usr/bin/../lib/gcc/arm-none-eabi/8.2.1/../../../../arm-none-eabi/lib/thumb/v7e-m/nofp/libnosys.a
END GROUP
START GROUP
LOAD /usr/bin/../lib/gcc/arm-none-eabi/8.2.1/thumb/v7e-m/nofp/libgcc.a
LOAD /usr/bin/../lib/gcc/arm-none-eabi/8.2.1/../../../../arm-none-eabi/lib/thumb/v7e-m/nofp/libc_nano.a
LOAD /usr/bin/../lib/gcc/arm-none-eabi/8.2.1/../../../../arm-none-eabi/lib/thumb/v7e-m/nofp/libnosys.a
END GROUP
LOAD /usr/bin/../lib/gcc/arm-none-eabi/8.2.1/thumb/v7e-m/nofp/crtend.o
LOAD /usr/bin/../lib/gcc/arm-none-eabi/8.2.1/thumb/v7e-m/nofp/crtn.o
                0x0000000020010000                _estack = 0x20010000
                0x0000000000000200                _Min_Heap_Size = 0x200
                0x0000000000000400                _Min_Stack_Size = 0x400

.isr_vector     0x0000000008000000      0x194
                0x0000000008000000                . = ALIGN (0x4)
 *(.isr_vector)
 .isr_vector    0x0000000008000000      0x194 CMakeFiles/f3_blink.elf.dir/startup/startup_stm32f303xe.s.obj
                0x0000000008000000                g_pfnVectors
                0x0000000008000194                . = ALIGN (0x4)

.text           0x0000000008000194     0x2854
                0x0000000008000194                . = ALIGN (0x4)
 *(.text)
 .text          0x0000000008000194       0x40 /usr/bin/../lib/gcc/arm-none-eabi/8.2.1/thumb/v7e-m/nofp/crtbegin.o
 *(.text*)
 .text.HAL_Init
                0x00000000080001d4       0x2c CMakeFiles/f3_blink.elf.dir/Drivers/STM32F3xx_HAL_Driver/Src/stm32f3xx_hal.c.obj
                0x00000000080001d4                HAL_Init
 .text.HAL_InitTick
                0x0000000008000200       0x60 CMakeFiles/f3_blink.elf.dir/Drivers/STM32F3xx_HAL_Driver/Src/stm32f3xx_hal.c.obj
                0x0000000008000200                HAL_InitTick
 .text.HAL_IncTick
                0x0000000008000260       0x24 CMakeFiles/f3_blink.elf.dir/Drivers/STM32F3xx_HAL_Driver/Src/stm32f3xx_hal.c.obj
                0x0000000008000260                HAL_IncTick
 .text.HAL_GetTick
                0x0000000008000284       0x14 CMakeFiles/f3_blink.elf.dir/Drivers/STM32F3xx_HAL_Driver/Src/stm32f3xx_hal.c.obj
                0x0000000008000284                HAL_GetTick
 .text.NVIC_SetPriorityGrouping
                0x0000000008000298       0x48 CMakeFiles/f3_blink.elf.dir/Drivers/STM32F3xx_HAL_Driver/Src/stm32f3xx_hal_cortex.c.obj
 .text.NVIC_GetPriorityGrouping
                0x00000000080002e0       0x1c CMakeFiles/f3_blink.elf.dir/Drivers/STM32F3xx_HAL_Driver/Src/stm32f3xx_hal_cortex.c.obj
 .text.NVIC_SetPriority
                0x00000000080002fc       0x54 CMakeFiles/f3_blink.elf.dir/Drivers/STM32F3xx_HAL_Driver/Src/stm32f3xx_hal_cortex.c.obj
 .text.NVIC_EncodePriority
                0x0000000008000350       0x64 CMakeFiles/f3_blink.elf.dir/Drivers/STM32F3xx_HAL_Driver/Src/stm32f3xx_hal_cortex.c.obj
 .text.SysTick_Config
                0x00000000080003b4       0x44 CMakeFiles/f3_blink.elf.dir/Drivers/STM32F3xx_HAL_Driver/Src/stm32f3xx_hal_cortex.c.obj
 .text.HAL_NVIC_SetPriorityGrouping
                0x00000000080003f8       0x16 CMakeFiles/f3_blink.elf.dir/Drivers/STM32F3xx_HAL_Driver/Src/stm32f3xx_hal_cortex.c.obj
                0x00000000080003f8                HAL_NVIC_SetPriorityGrouping
 .text.HAL_NVIC_SetPriority
                0x000000000800040e       0x38 CMakeFiles/f3_blink.elf.dir/Drivers/STM32F3xx_HAL_Driver/Src/stm32f3xx_hal_cortex.c.obj
                0x000000000800040e                HAL_NVIC_SetPriority
 .text.HAL_SYSTICK_Config
                0x0000000008000446       0x18 CMakeFiles/f3_blink.elf.dir/Drivers/STM32F3xx_HAL_Driver/Src/stm32f3xx_hal_cortex.c.obj
                0x0000000008000446                HAL_SYSTICK_Config
 *fill*         0x000000000800045e        0x2 
 .text.HAL_GPIO_Init
                0x0000000008000460      0x318 CMakeFiles/f3_blink.elf.dir/Drivers/STM32F3xx_HAL_Driver/Src/stm32f3xx_hal_gpio.c.obj
                0x0000000008000460                HAL_GPIO_Init
 .text.HAL_GPIO_WritePin
                0x0000000008000778       0x2e CMakeFiles/f3_blink.elf.dir/Drivers/STM32F3xx_HAL_Driver/Src/stm32f3xx_hal_gpio.c.obj
                0x0000000008000778                HAL_GPIO_WritePin
 .text.HAL_GPIO_TogglePin
                0x00000000080007a6       0x22 CMakeFiles/f3_blink.elf.dir/Drivers/STM32F3xx_HAL_Driver/Src/stm32f3xx_hal_gpio.c.obj
                0x00000000080007a6                HAL_GPIO_TogglePin
 .text.HAL_RCC_OscConfig
                0x00000000080007c8      0xddc CMakeFiles/f3_blink.elf.dir/Drivers/STM32F3xx_HAL_Driver/Src/stm32f3xx_hal_rcc.c.obj
                0x00000000080007c8                HAL_RCC_OscConfig
 .text.HAL_RCC_ClockConfig
                0x00000000080015a4      0x2f8 CMakeFiles/f3_blink.elf.dir/Drivers/STM32F3xx_HAL_Driver/Src/stm32f3xx_hal_rcc.c.obj
                0x00000000080015a4                HAL_RCC_ClockConfig
 .text.HAL_RCC_GetSysClockFreq
                0x000000000800189c       0xd4 CMakeFiles/f3_blink.elf.dir/Drivers/STM32F3xx_HAL_Driver/Src/stm32f3xx_hal_rcc.c.obj
                0x000000000800189c                HAL_RCC_GetSysClockFreq
 .text.HAL_RCC_GetHCLKFreq
                0x0000000008001970       0x14 CMakeFiles/f3_blink.elf.dir/Drivers/STM32F3xx_HAL_Driver/Src/stm32f3xx_hal_rcc.c.obj
                0x0000000008001970                HAL_RCC_GetHCLKFreq
 .text.HAL_RCC_GetPCLK1Freq
                0x0000000008001984       0x44 CMakeFiles/f3_blink.elf.dir/Drivers/STM32F3xx_HAL_Driver/Src/stm32f3xx_hal_rcc.c.obj
                0x0000000008001984                HAL_RCC_GetPCLK1Freq
 .text.HAL_RCC_GetPCLK2Freq
                0x00000000080019c8       0x44 CMakeFiles/f3_blink.elf.dir/Drivers/STM32F3xx_HAL_Driver/Src/stm32f3xx_hal_rcc.c.obj
                0x00000000080019c8                HAL_RCC_GetPCLK2Freq
 .text.HAL_RCCEx_PeriphCLKConfig
                0x0000000008001a0c      0x438 CMakeFiles/f3_blink.elf.dir/Drivers/STM32F3xx_HAL_Driver/Src/stm32f3xx_hal_rcc_ex.c.obj
                0x0000000008001a0c                HAL_RCCEx_PeriphCLKConfig
 .text.HAL_UART_Init
                0x0000000008001e44       0xa2 CMakeFiles/f3_blink.elf.dir/Drivers/STM32F3xx_HAL_Driver/Src/stm32f3xx_hal_uart.c.obj
                0x0000000008001e44                HAL_UART_Init
 *fill*         0x0000000008001ee6        0x2 
 .text.UART_SetConfig
                0x0000000008001ee8      0x3fc CMakeFiles/f3_blink.elf.dir/Drivers/STM32F3xx_HAL_Driver/Src/stm32f3xx_hal_uart.c.obj
                0x0000000008001ee8                UART_SetConfig
 .text.UART_AdvFeatureConfig
                0x00000000080022e4      0x142 CMakeFiles/f3_blink.elf.dir/Drivers/STM32F3xx_HAL_Driver/Src/stm32f3xx_hal_uart.c.obj
                0x00000000080022e4                UART_AdvFeatureConfig
 .text.UART_CheckIdleState
                0x0000000008002426       0x92 CMakeFiles/f3_blink.elf.dir/Drivers/STM32F3xx_HAL_Driver/Src/stm32f3xx_hal_uart.c.obj
                0x0000000008002426                UART_CheckIdleState
 .text.UART_WaitOnFlagUntilTimeout
                0x00000000080024b8       0x94 CMakeFiles/f3_blink.elf.dir/Drivers/STM32F3xx_HAL_Driver/Src/stm32f3xx_hal_uart.c.obj
                0x00000000080024b8                UART_WaitOnFlagUntilTimeout
 .text.main     0x000000000800254c       0x3c CMakeFiles/f3_blink.elf.dir/Src/main.c.obj
                0x000000000800254c                main
 .text.SystemClock_Config
                0x0000000008002588       0xbc CMakeFiles/f3_blink.elf.dir/Src/main.c.obj
                0x0000000008002588                SystemClock_Config
 .text.MX_USART2_UART_Init
                0x0000000008002644       0x60 CMakeFiles/f3_blink.elf.dir/Src/main.c.obj
 .text.MX_GPIO_Init
                0x00000000080026a4       0xd0 CMakeFiles/f3_blink.elf.dir/Src/main.c.obj
 .text.Error_Handler
                0x0000000008002774        0xc CMakeFiles/f3_blink.elf.dir/Src/main.c.obj
                0x0000000008002774                Error_Handler
 .text.HAL_MspInit
                0x0000000008002780       0x48 CMakeFiles/f3_blink.elf.dir/Src/stm32f3xx_hal_msp.c.obj
                0x0000000008002780                HAL_MspInit
 .text.HAL_UART_MspInit
                0x00000000080027c8       0x84 CMakeFiles/f3_blink.elf.dir/Src/stm32f3xx_hal_msp.c.obj
                0x00000000080027c8                HAL_UART_MspInit
 .text.NMI_Handler
                0x000000000800284c        0xc CMakeFiles/f3_blink.elf.dir/Src/stm32f3xx_it.c.obj
                0x000000000800284c                NMI_Handler
 .text.HardFault_Handler
                0x0000000008002858        0x6 CMakeFiles/f3_blink.elf.dir/Src/stm32f3xx_it.c.obj
                0x0000000008002858                HardFault_Handler
 .text.MemManage_Handler
                0x000000000800285e        0x6 CMakeFiles/f3_blink.elf.dir/Src/stm32f3xx_it.c.obj
                0x000000000800285e                MemManage_Handler
 .text.BusFault_Handler
                0x0000000008002864        0x6 CMakeFiles/f3_blink.elf.dir/Src/stm32f3xx_it.c.obj
                0x0000000008002864                BusFault_Handler
 .text.UsageFault_Handler
                0x000000000800286a        0x6 CMakeFiles/f3_blink.elf.dir/Src/stm32f3xx_it.c.obj
                0x000000000800286a                UsageFault_Handler
 .text.SVC_Handler
                0x0000000008002870        0xc CMakeFiles/f3_blink.elf.dir/Src/stm32f3xx_it.c.obj
                0x0000000008002870                SVC_Handler
 .text.DebugMon_Handler
                0x000000000800287c        0xc CMakeFiles/f3_blink.elf.dir/Src/stm32f3xx_it.c.obj
                0x000000000800287c                DebugMon_Handler
 .text.PendSV_Handler
                0x0000000008002888        0xc CMakeFiles/f3_blink.elf.dir/Src/stm32f3xx_it.c.obj
                0x0000000008002888                PendSV_Handler
 .text.SysTick_Handler
                0x0000000008002894        0xc CMakeFiles/f3_blink.elf.dir/Src/stm32f3xx_it.c.obj
                0x0000000008002894                SysTick_Handler
 .text.SystemInit
                0x00000000080028a0       0x84 CMakeFiles/f3_blink.elf.dir/Src/system_stm32f3xx.c.obj
                0x00000000080028a0                SystemInit
 .text.Reset_Handler
                0x0000000008002924       0x50 CMakeFiles/f3_blink.elf.dir/startup/startup_stm32f303xe.s.obj
                0x0000000008002924                Reset_Handler
 .text.Default_Handler
                0x0000000008002974        0x2 CMakeFiles/f3_blink.elf.dir/startup/startup_stm32f303xe.s.obj
                0x0000000008002974                RTC_Alarm_IRQHandler
                0x0000000008002974                TIM8_TRG_COM_IRQHandler
                0x0000000008002974                TIM8_CC_IRQHandler
                0x0000000008002974                SPI4_IRQHandler
                0x0000000008002974                TIM1_CC_IRQHandler
                0x0000000008002974                USB_HP_IRQHandler
                0x0000000008002974                PVD_IRQHandler
                0x0000000008002974                TAMP_STAMP_IRQHandler
                0x0000000008002974                EXTI3_IRQHandler
                0x0000000008002974                I2C3_ER_IRQHandler
                0x0000000008002974                USB_HP_CAN_TX_IRQHandler
                0x0000000008002974                EXTI0_IRQHandler
                0x0000000008002974                I2C2_EV_IRQHandler
                0x0000000008002974                FPU_IRQHandler
                0x0000000008002974                TIM1_UP_TIM16_IRQHandler
                0x0000000008002974                ADC1_2_IRQHandler
                0x0000000008002974                SPI1_IRQHandler
                0x0000000008002974                CAN_SCE_IRQHandler
                0x0000000008002974                TIM6_DAC_IRQHandler
                0x0000000008002974                TIM8_UP_IRQHandler
                0x0000000008002974                DMA2_Channel2_IRQHandler
                0x0000000008002974                DMA1_Channel4_IRQHandler
                0x0000000008002974                TIM20_TRG_COM_IRQHandler
                0x0000000008002974                USART3_IRQHandler
                0x0000000008002974                DMA1_Channel7_IRQHandler
                0x0000000008002974                UART5_IRQHandler
                0x0000000008002974                ADC3_IRQHandler
                0x0000000008002974                TIM4_IRQHandler
                0x0000000008002974                CAN_RX1_IRQHandler
                0x0000000008002974                DMA2_Channel1_IRQHandler
                0x0000000008002974                I2C1_EV_IRQHandler
                0x0000000008002974                DMA1_Channel6_IRQHandler
                0x0000000008002974                UART4_IRQHandler
                0x0000000008002974                DMA2_Channel4_IRQHandler
                0x0000000008002974                TIM3_IRQHandler
                0x0000000008002974                RCC_IRQHandler
                0x0000000008002974                TIM20_UP_IRQHandler
                0x0000000008002974                DMA1_Channel1_IRQHandler
                0x0000000008002974                Default_Handler
                0x0000000008002974                USBWakeUp_RMP_IRQHandler
                0x0000000008002974                EXTI15_10_IRQHandler
                0x0000000008002974                TIM7_IRQHandler
                0x0000000008002974                I2C3_EV_IRQHandler
                0x0000000008002974                EXTI9_5_IRQHandler
                0x0000000008002974                RTC_WKUP_IRQHandler
                0x0000000008002974                SPI2_IRQHandler
                0x0000000008002974                USB_LP_CAN_RX0_IRQHandler
                0x0000000008002974                DMA2_Channel5_IRQHandler
                0x0000000008002974                DMA1_Channel5_IRQHandler
                0x0000000008002974                USB_LP_IRQHandler
                0x0000000008002974                EXTI4_IRQHandler
                0x0000000008002974                TIM1_TRG_COM_TIM17_IRQHandler
                0x0000000008002974                DMA1_Channel3_IRQHandler
                0x0000000008002974                ADC4_IRQHandler
                0x0000000008002974                WWDG_IRQHandler
                0x0000000008002974                TIM2_IRQHandler
                0x0000000008002974                COMP7_IRQHandler
                0x0000000008002974                COMP1_2_3_IRQHandler
                0x0000000008002974                EXTI1_IRQHandler
                0x0000000008002974                USART2_IRQHandler
                0x0000000008002974                COMP4_5_6_IRQHandler
                0x0000000008002974                TIM20_BRK_IRQHandler
                0x0000000008002974                I2C2_ER_IRQHandler
                0x0000000008002974                DMA1_Channel2_IRQHandler
                0x0000000008002974                TIM8_BRK_IRQHandler
                0x0000000008002974                FLASH_IRQHandler
                0x0000000008002974                TIM20_CC_IRQHandler
                0x0000000008002974                USART1_IRQHandler
                0x0000000008002974                SPI3_IRQHandler
                0x0000000008002974                I2C1_ER_IRQHandler
                0x0000000008002974                FMC_IRQHandler
                0x0000000008002974                USBWakeUp_IRQHandler
                0x0000000008002974                DMA2_Channel3_IRQHandler
                0x0000000008002974                EXTI2_TSC_IRQHandler
                0x0000000008002974                TIM1_BRK_TIM15_IRQHandler
 *fill*         0x0000000008002976        0x2 
 .text.__libc_init_array
                0x0000000008002978       0x48 /usr/bin/../lib/gcc/arm-none-eabi/8.2.1/../../../../arm-none-eabi/lib/thumb/v7e-m/nofp/libg_nano.a(lib_a-init.o)
                0x0000000008002978                __libc_init_array
 .text.memset   0x00000000080029c0       0x10 /usr/bin/../lib/gcc/arm-none-eabi/8.2.1/../../../../arm-none-eabi/lib/thumb/v7e-m/nofp/libg_nano.a(lib_a-memset.o)
                0x00000000080029c0                memset
 *(.glue_7)
 .glue_7        0x00000000080029d0        0x0 linker stubs
 *(.glue_7t)
 .glue_7t       0x00000000080029d0        0x0 linker stubs
 *(.eh_frame)
 .eh_frame      0x00000000080029d0        0x0 /usr/bin/../lib/gcc/arm-none-eabi/8.2.1/thumb/v7e-m/nofp/crtbegin.o
 *(.init)
 .init          0x00000000080029d0        0x4 /usr/bin/../lib/gcc/arm-none-eabi/8.2.1/thumb/v7e-m/nofp/crti.o
                0x00000000080029d0                _init
 .init          0x00000000080029d4        0x8 /usr/bin/../lib/gcc/arm-none-eabi/8.2.1/thumb/v7e-m/nofp/crtn.o
 *(.fini)
 .fini          0x00000000080029dc        0x4 /usr/bin/../lib/gcc/arm-none-eabi/8.2.1/thumb/v7e-m/nofp/crti.o
                0x00000000080029dc                _fini
 .fini          0x00000000080029e0        0x8 /usr/bin/../lib/gcc/arm-none-eabi/8.2.1/thumb/v7e-m/nofp/crtn.o
                0x00000000080029e8                . = ALIGN (0x4)
                0x00000000080029e8                _etext = .

.vfp11_veneer   0x00000000080029e8        0x0
 .vfp11_veneer  0x00000000080029e8        0x0 linker stubs

.v4_bx          0x00000000080029e8        0x0
 .v4_bx         0x00000000080029e8        0x0 linker stubs

.iplt           0x00000000080029e8        0x0
 .iplt          0x00000000080029e8        0x0 /usr/bin/../lib/gcc/arm-none-eabi/8.2.1/thumb/v7e-m/nofp/crtbegin.o

.rodata         0x00000000080029e8       0x38
                0x00000000080029e8                . = ALIGN (0x4)
 *(.rodata)
 *(.rodata*)
 .rodata.aPLLMULFactorTable
                0x00000000080029e8       0x10 CMakeFiles/f3_blink.elf.dir/Drivers/STM32F3xx_HAL_Driver/Src/stm32f3xx_hal_rcc.c.obj
                0x00000000080029e8                aPLLMULFactorTable
 .rodata.aPredivFactorTable
                0x00000000080029f8       0x10 CMakeFiles/f3_blink.elf.dir/Drivers/STM32F3xx_HAL_Driver/Src/stm32f3xx_hal_rcc.c.obj
                0x00000000080029f8                aPredivFactorTable
 .rodata.AHBPrescTable
                0x0000000008002a08       0x10 CMakeFiles/f3_blink.elf.dir/Src/system_stm32f3xx.c.obj
                0x0000000008002a08                AHBPrescTable
 .rodata.APBPrescTable
                0x0000000008002a18        0x8 CMakeFiles/f3_blink.elf.dir/Src/system_stm32f3xx.c.obj
                0x0000000008002a18                APBPrescTable
                0x0000000008002a20                . = ALIGN (0x4)

.rel.dyn        0x0000000008002a20        0x0
 .rel.iplt      0x0000000008002a20        0x0 /usr/bin/../lib/gcc/arm-none-eabi/8.2.1/thumb/v7e-m/nofp/crtbegin.o

.ARM.extab
 *(.ARM.extab* .gnu.linkonce.armextab.*)

.ARM            0x0000000008002a20        0x0
                0x0000000008002a20                __exidx_start = .
 *(.ARM.exidx*)
                0x0000000008002a20                __exidx_end = .

.preinit_array  0x0000000008002a20        0x0
                0x0000000008002a20                PROVIDE (__preinit_array_start = .)
 *(.preinit_array*)
                0x0000000008002a20                PROVIDE (__preinit_array_end = .)

.init_array     0x0000000008002a20        0x4
                0x0000000008002a20                PROVIDE (__init_array_start = .)
 *(SORT_BY_NAME(.init_array.*))
 *(.init_array*)
 .init_array    0x0000000008002a20        0x4 /usr/bin/../lib/gcc/arm-none-eabi/8.2.1/thumb/v7e-m/nofp/crtbegin.o
                0x0000000008002a24                PROVIDE (__init_array_end = .)

.fini_array     0x0000000008002a24        0x4
                [!provide]                        PROVIDE (__fini_array_start = .)
 *(SORT_BY_NAME(.fini_array.*))
 *(.fini_array*)
 .fini_array    0x0000000008002a24        0x4 /usr/bin/../lib/gcc/arm-none-eabi/8.2.1/thumb/v7e-m/nofp/crtbegin.o
                [!provide]                        PROVIDE (__fini_array_end = .)
                0x0000000008002a28                _sidata = LOADADDR (.data)

.data           0x0000000020000000        0xc load address 0x0000000008002a28
                0x0000000020000000                . = ALIGN (0x4)
                0x0000000020000000                _sdata = .
 *(.data)
 *(.data*)
 .data.uwTickPrio
                0x0000000020000000        0x4 CMakeFiles/f3_blink.elf.dir/Drivers/STM32F3xx_HAL_Driver/Src/stm32f3xx_hal.c.obj
                0x0000000020000000                uwTickPrio
 .data.uwTickFreq
                0x0000000020000004        0x1 CMakeFiles/f3_blink.elf.dir/Drivers/STM32F3xx_HAL_Driver/Src/stm32f3xx_hal.c.obj
                0x0000000020000004                uwTickFreq
 *fill*         0x0000000020000005        0x3 
 .data.SystemCoreClock
                0x0000000020000008        0x4 CMakeFiles/f3_blink.elf.dir/Src/system_stm32f3xx.c.obj
                0x0000000020000008                SystemCoreClock
                0x000000002000000c                . = ALIGN (0x4)
                0x000000002000000c                _edata = .
                0x0000000008002a34                _siccmram = LOADADDR (.ccmram)

.igot.plt       0x000000002000000c        0x0 load address 0x0000000008002a34
 .igot.plt      0x000000002000000c        0x0 /usr/bin/../lib/gcc/arm-none-eabi/8.2.1/thumb/v7e-m/nofp/crtbegin.o

.ccmram         0x0000000010000000        0x0 load address 0x0000000008002a34
                0x0000000010000000                . = ALIGN (0x4)
                0x0000000010000000                _sccmram = .
 *(.ccmram)
 *(.ccmram*)
                0x0000000010000000                . = ALIGN (0x4)
                0x0000000010000000                _eccmram = .
                0x0000000010000000                . = ALIGN (0x4)

.bss            0x000000002000000c       0x90
                0x000000002000000c                _sbss = .
                0x000000002000000c                __bss_start__ = _sbss
 *(.bss)
 .bss           0x000000002000000c       0x1c /usr/bin/../lib/gcc/arm-none-eabi/8.2.1/thumb/v7e-m/nofp/crtbegin.o
 *(.bss*)
 .bss.uwTick    0x0000000020000028        0x4 CMakeFiles/f3_blink.elf.dir/Drivers/STM32F3xx_HAL_Driver/Src/stm32f3xx_hal.c.obj
                0x0000000020000028                uwTick
 .bss.huart2    0x000000002000002c       0x70 CMakeFiles/f3_blink.elf.dir/Src/main.c.obj
                0x000000002000002c                huart2
 *(COMMON)
                0x000000002000009c                . = ALIGN (0x4)
                0x000000002000009c                _ebss = .
                0x000000002000009c                __bss_end__ = _ebss

._user_heap_stack
                0x000000002000009c      0x604
                0x00000000200000a0                . = ALIGN (0x8)
 *fill*         0x000000002000009c        0x4 
                0x00000000200000a0                PROVIDE (end = .)
                [!provide]                        PROVIDE (_end = .)
                0x00000000200002a0                . = (. + _Min_Heap_Size)
 *fill*         0x00000000200000a0      0x200 
                0x00000000200006a0                . = (. + _Min_Stack_Size)
 *fill*         0x00000000200002a0      0x400 
                0x00000000200006a0                . = ALIGN (0x8)

/DISCARD/
 libc.a(*)
 libm.a(*)
 libgcc.a(*)

.ARM.attributes
                0x0000000000000000       0x2a
 *(.ARM.attributes)
 .ARM.attributes
                0x0000000000000000       0x1e /usr/bin/../lib/gcc/arm-none-eabi/8.2.1/thumb/v7e-m/nofp/crti.o
 .ARM.attributes
                0x000000000000001e       0x2e /usr/bin/../lib/gcc/arm-none-eabi/8.2.1/thumb/v7e-m/nofp/crtbegin.o
 .ARM.attributes
                0x000000000000004c       0x2e CMakeFiles/f3_blink.elf.dir/Drivers/STM32F3xx_HAL_Driver/Src/stm32f3xx_hal.c.obj
 .ARM.attributes
                0x000000000000007a       0x2e CMakeFiles/f3_blink.elf.dir/Drivers/STM32F3xx_HAL_Driver/Src/stm32f3xx_hal_cortex.c.obj
 .ARM.attributes
                0x00000000000000a8       0x2e CMakeFiles/f3_blink.elf.dir/Drivers/STM32F3xx_HAL_Driver/Src/stm32f3xx_hal_gpio.c.obj
 .ARM.attributes
                0x00000000000000d6       0x2e CMakeFiles/f3_blink.elf.dir/Drivers/STM32F3xx_HAL_Driver/Src/stm32f3xx_hal_rcc.c.obj
 .ARM.attributes
                0x0000000000000104       0x2e CMakeFiles/f3_blink.elf.dir/Drivers/STM32F3xx_HAL_Driver/Src/stm32f3xx_hal_rcc_ex.c.obj
 .ARM.attributes
                0x0000000000000132       0x2e CMakeFiles/f3_blink.elf.dir/Drivers/STM32F3xx_HAL_Driver/Src/stm32f3xx_hal_uart.c.obj
 .ARM.attributes
                0x0000000000000160       0x2e CMakeFiles/f3_blink.elf.dir/Src/main.c.obj
 .ARM.attributes
                0x000000000000018e       0x2e CMakeFiles/f3_blink.elf.dir/Src/stm32f3xx_hal_msp.c.obj
 .ARM.attributes
                0x00000000000001bc       0x2e CMakeFiles/f3_blink.elf.dir/Src/stm32f3xx_it.c.obj
 .ARM.attributes
                0x00000000000001ea       0x2e CMakeFiles/f3_blink.elf.dir/Src/system_stm32f3xx.c.obj
 .ARM.attributes
                0x0000000000000218       0x21 CMakeFiles/f3_blink.elf.dir/startup/startup_stm32f303xe.s.obj
 .ARM.attributes
                0x0000000000000239       0x2e /usr/bin/../lib/gcc/arm-none-eabi/8.2.1/../../../../arm-none-eabi/lib/thumb/v7e-m/nofp/libg_nano.a(lib_a-init.o)
 .ARM.attributes
                0x0000000000000267       0x2e /usr/bin/../lib/gcc/arm-none-eabi/8.2.1/../../../../arm-none-eabi/lib/thumb/v7e-m/nofp/libg_nano.a(lib_a-memset.o)
 .ARM.attributes
                0x0000000000000295       0x1e /usr/bin/../lib/gcc/arm-none-eabi/8.2.1/thumb/v7e-m/nofp/crtn.o
OUTPUT(f3_blink.elf elf32-littlearm)

.debug_info     0x0000000000000000     0xc84a
 .debug_info    0x0000000000000000     0x10f4 CMakeFiles/f3_blink.elf.dir/Drivers/STM32F3xx_HAL_Driver/Src/stm32f3xx_hal.c.obj
 .debug_info    0x00000000000010f4     0x16fd CMakeFiles/f3_blink.elf.dir/Drivers/STM32F3xx_HAL_Driver/Src/stm32f3xx_hal_cortex.c.obj
 .debug_info    0x00000000000027f1     0x10e0 CMakeFiles/f3_blink.elf.dir/Drivers/STM32F3xx_HAL_Driver/Src/stm32f3xx_hal_gpio.c.obj
 .debug_info    0x00000000000038d1     0x2159 CMakeFiles/f3_blink.elf.dir/Drivers/STM32F3xx_HAL_Driver/Src/stm32f3xx_hal_rcc.c.obj
 .debug_info    0x0000000000005a2a     0x1007 CMakeFiles/f3_blink.elf.dir/Drivers/STM32F3xx_HAL_Driver/Src/stm32f3xx_hal_rcc_ex.c.obj
 .debug_info    0x0000000000006a31     0x1e58 CMakeFiles/f3_blink.elf.dir/Drivers/STM32F3xx_HAL_Driver/Src/stm32f3xx_hal_uart.c.obj
 .debug_info    0x0000000000008889     0x1564 CMakeFiles/f3_blink.elf.dir/Src/main.c.obj
 .debug_info    0x0000000000009ded     0x124e CMakeFiles/f3_blink.elf.dir/Src/stm32f3xx_hal_msp.c.obj
 .debug_info    0x000000000000b03b      0xabc CMakeFiles/f3_blink.elf.dir/Src/stm32f3xx_it.c.obj
 .debug_info    0x000000000000baf7      0xd31 CMakeFiles/f3_blink.elf.dir/Src/system_stm32f3xx.c.obj
 .debug_info    0x000000000000c828       0x22 CMakeFiles/f3_blink.elf.dir/startup/startup_stm32f303xe.s.obj

.debug_abbrev   0x0000000000000000     0x1a45
 .debug_abbrev  0x0000000000000000      0x2b8 CMakeFiles/f3_blink.elf.dir/Drivers/STM32F3xx_HAL_Driver/Src/stm32f3xx_hal.c.obj
 .debug_abbrev  0x00000000000002b8      0x389 CMakeFiles/f3_blink.elf.dir/Drivers/STM32F3xx_HAL_Driver/Src/stm32f3xx_hal_cortex.c.obj
 .debug_abbrev  0x0000000000000641      0x282 CMakeFiles/f3_blink.elf.dir/Drivers/STM32F3xx_HAL_Driver/Src/stm32f3xx_hal_gpio.c.obj
 .debug_abbrev  0x00000000000008c3      0x355 CMakeFiles/f3_blink.elf.dir/Drivers/STM32F3xx_HAL_Driver/Src/stm32f3xx_hal_rcc.c.obj
 .debug_abbrev  0x0000000000000c18      0x309 CMakeFiles/f3_blink.elf.dir/Drivers/STM32F3xx_HAL_Driver/Src/stm32f3xx_hal_rcc_ex.c.obj
 .debug_abbrev  0x0000000000000f21      0x2a9 CMakeFiles/f3_blink.elf.dir/Drivers/STM32F3xx_HAL_Driver/Src/stm32f3xx_hal_uart.c.obj
 .debug_abbrev  0x00000000000011ca      0x276 CMakeFiles/f3_blink.elf.dir/Src/main.c.obj
 .debug_abbrev  0x0000000000001440      0x215 CMakeFiles/f3_blink.elf.dir/Src/stm32f3xx_hal_msp.c.obj
 .debug_abbrev  0x0000000000001655      0x1ce CMakeFiles/f3_blink.elf.dir/Src/stm32f3xx_it.c.obj
 .debug_abbrev  0x0000000000001823      0x210 CMakeFiles/f3_blink.elf.dir/Src/system_stm32f3xx.c.obj
 .debug_abbrev  0x0000000000001a33       0x12 CMakeFiles/f3_blink.elf.dir/startup/startup_stm32f303xe.s.obj

.debug_aranges  0x0000000000000000      0x620
 .debug_aranges
                0x0000000000000000       0xe0 CMakeFiles/f3_blink.elf.dir/Drivers/STM32F3xx_HAL_Driver/Src/stm32f3xx_hal.c.obj
 .debug_aranges
                0x00000000000000e0      0x118 CMakeFiles/f3_blink.elf.dir/Drivers/STM32F3xx_HAL_Driver/Src/stm32f3xx_hal_cortex.c.obj
 .debug_aranges
                0x00000000000001f8       0x58 CMakeFiles/f3_blink.elf.dir/Drivers/STM32F3xx_HAL_Driver/Src/stm32f3xx_hal_gpio.c.obj
 .debug_aranges
                0x0000000000000250       0x88 CMakeFiles/f3_blink.elf.dir/Drivers/STM32F3xx_HAL_Driver/Src/stm32f3xx_hal_rcc.c.obj
 .debug_aranges
                0x00000000000002d8       0x38 CMakeFiles/f3_blink.elf.dir/Drivers/STM32F3xx_HAL_Driver/Src/stm32f3xx_hal_rcc_ex.c.obj
 .debug_aranges
                0x0000000000000310      0x1f0 CMakeFiles/f3_blink.elf.dir/Drivers/STM32F3xx_HAL_Driver/Src/stm32f3xx_hal_uart.c.obj
 .debug_aranges
                0x0000000000000500       0x40 CMakeFiles/f3_blink.elf.dir/Src/main.c.obj
 .debug_aranges
                0x0000000000000540       0x30 CMakeFiles/f3_blink.elf.dir/Src/stm32f3xx_hal_msp.c.obj
 .debug_aranges
                0x0000000000000570       0x60 CMakeFiles/f3_blink.elf.dir/Src/stm32f3xx_it.c.obj
 .debug_aranges
                0x00000000000005d0       0x28 CMakeFiles/f3_blink.elf.dir/Src/system_stm32f3xx.c.obj
 .debug_aranges
                0x00000000000005f8       0x28 CMakeFiles/f3_blink.elf.dir/startup/startup_stm32f303xe.s.obj

.debug_ranges   0x0000000000000000      0x578
 .debug_ranges  0x0000000000000000       0xd0 CMakeFiles/f3_blink.elf.dir/Drivers/STM32F3xx_HAL_Driver/Src/stm32f3xx_hal.c.obj
 .debug_ranges  0x00000000000000d0      0x108 CMakeFiles/f3_blink.elf.dir/Drivers/STM32F3xx_HAL_Driver/Src/stm32f3xx_hal_cortex.c.obj
 .debug_ranges  0x00000000000001d8       0x48 CMakeFiles/f3_blink.elf.dir/Drivers/STM32F3xx_HAL_Driver/Src/stm32f3xx_hal_gpio.c.obj
 .debug_ranges  0x0000000000000220       0x78 CMakeFiles/f3_blink.elf.dir/Drivers/STM32F3xx_HAL_Driver/Src/stm32f3xx_hal_rcc.c.obj
 .debug_ranges  0x0000000000000298       0x28 CMakeFiles/f3_blink.elf.dir/Drivers/STM32F3xx_HAL_Driver/Src/stm32f3xx_hal_rcc_ex.c.obj
 .debug_ranges  0x00000000000002c0      0x1e0 CMakeFiles/f3_blink.elf.dir/Drivers/STM32F3xx_HAL_Driver/Src/stm32f3xx_hal_uart.c.obj
 .debug_ranges  0x00000000000004a0       0x30 CMakeFiles/f3_blink.elf.dir/Src/main.c.obj
 .debug_ranges  0x00000000000004d0       0x20 CMakeFiles/f3_blink.elf.dir/Src/stm32f3xx_hal_msp.c.obj
 .debug_ranges  0x00000000000004f0       0x50 CMakeFiles/f3_blink.elf.dir/Src/stm32f3xx_it.c.obj
 .debug_ranges  0x0000000000000540       0x18 CMakeFiles/f3_blink.elf.dir/Src/system_stm32f3xx.c.obj
 .debug_ranges  0x0000000000000558       0x20 CMakeFiles/f3_blink.elf.dir/startup/startup_stm32f303xe.s.obj

.debug_line     0x0000000000000000     0x5274
 .debug_line    0x0000000000000000      0x54b CMakeFiles/f3_blink.elf.dir/Drivers/STM32F3xx_HAL_Driver/Src/stm32f3xx_hal.c.obj
 .debug_line    0x000000000000054b      0x810 CMakeFiles/f3_blink.elf.dir/Drivers/STM32F3xx_HAL_Driver/Src/stm32f3xx_hal_cortex.c.obj
 .debug_line    0x0000000000000d5b      0x6fe CMakeFiles/f3_blink.elf.dir/Drivers/STM32F3xx_HAL_Driver/Src/stm32f3xx_hal_gpio.c.obj
 .debug_line    0x0000000000001459      0xf3f CMakeFiles/f3_blink.elf.dir/Drivers/STM32F3xx_HAL_Driver/Src/stm32f3xx_hal_rcc.c.obj
 .debug_line    0x0000000000002398      0xaf7 CMakeFiles/f3_blink.elf.dir/Drivers/STM32F3xx_HAL_Driver/Src/stm32f3xx_hal_rcc_ex.c.obj
 .debug_line    0x0000000000002e8f     0x15bd CMakeFiles/f3_blink.elf.dir/Drivers/STM32F3xx_HAL_Driver/Src/stm32f3xx_hal_uart.c.obj
 .debug_line    0x000000000000444c      0x40b CMakeFiles/f3_blink.elf.dir/Src/main.c.obj
 .debug_line    0x0000000000004857      0x32f CMakeFiles/f3_blink.elf.dir/Src/stm32f3xx_hal_msp.c.obj
 .debug_line    0x0000000000004b86      0x31c CMakeFiles/f3_blink.elf.dir/Src/stm32f3xx_it.c.obj
 .debug_line    0x0000000000004ea2      0x322 CMakeFiles/f3_blink.elf.dir/Src/system_stm32f3xx.c.obj
 .debug_line    0x00000000000051c4       0xb0 CMakeFiles/f3_blink.elf.dir/startup/startup_stm32f303xe.s.obj

.debug_str      0x0000000000000000     0x2892
 .debug_str     0x0000000000000000      0xdef CMakeFiles/f3_blink.elf.dir/Drivers/STM32F3xx_HAL_Driver/Src/stm32f3xx_hal.c.obj
                                        0xe96 (size before relaxing)
 .debug_str     0x0000000000000def      0x466 CMakeFiles/f3_blink.elf.dir/Drivers/STM32F3xx_HAL_Driver/Src/stm32f3xx_hal_cortex.c.obj
                                       0x10f9 (size before relaxing)
 .debug_str     0x0000000000001255      0x279 CMakeFiles/f3_blink.elf.dir/Drivers/STM32F3xx_HAL_Driver/Src/stm32f3xx_hal_gpio.c.obj
                                        0xa11 (size before relaxing)
 .debug_str     0x00000000000014ce      0x33e CMakeFiles/f3_blink.elf.dir/Drivers/STM32F3xx_HAL_Driver/Src/stm32f3xx_hal_rcc.c.obj
                                        0xb49 (size before relaxing)
 .debug_str     0x000000000000180c      0x2ea CMakeFiles/f3_blink.elf.dir/Drivers/STM32F3xx_HAL_Driver/Src/stm32f3xx_hal_rcc_ex.c.obj
                                        0xab6 (size before relaxing)
 .debug_str     0x0000000000001af6      0xafa CMakeFiles/f3_blink.elf.dir/Drivers/STM32F3xx_HAL_Driver/Src/stm32f3xx_hal_uart.c.obj
                                       0x12f5 (size before relaxing)
 .debug_str     0x00000000000025f0       0x9d CMakeFiles/f3_blink.elf.dir/Src/main.c.obj
                                        0xf95 (size before relaxing)
 .debug_str     0x000000000000268d       0x4c CMakeFiles/f3_blink.elf.dir/Src/stm32f3xx_hal_msp.c.obj
                                        0xc69 (size before relaxing)
 .debug_str     0x00000000000026d9       0xd7 CMakeFiles/f3_blink.elf.dir/Src/stm32f3xx_it.c.obj
                                        0x790 (size before relaxing)
 .debug_str     0x00000000000027b0       0x81 CMakeFiles/f3_blink.elf.dir/Src/system_stm32f3xx.c.obj
                                        0x7f5 (size before relaxing)
 .debug_str     0x0000000000002831       0x61 CMakeFiles/f3_blink.elf.dir/startup/startup_stm32f303xe.s.obj
                                         0xa7 (size before relaxing)

.comment        0x0000000000000000       0x75
 .comment       0x0000000000000000       0x75 CMakeFiles/f3_blink.elf.dir/Drivers/STM32F3xx_HAL_Driver/Src/stm32f3xx_hal.c.obj
                                         0x76 (size before relaxing)
 .comment       0x0000000000000075       0x76 CMakeFiles/f3_blink.elf.dir/Drivers/STM32F3xx_HAL_Driver/Src/stm32f3xx_hal_cortex.c.obj
 .comment       0x0000000000000075       0x76 CMakeFiles/f3_blink.elf.dir/Drivers/STM32F3xx_HAL_Driver/Src/stm32f3xx_hal_gpio.c.obj
 .comment       0x0000000000000075       0x76 CMakeFiles/f3_blink.elf.dir/Drivers/STM32F3xx_HAL_Driver/Src/stm32f3xx_hal_rcc.c.obj
 .comment       0x0000000000000075       0x76 CMakeFiles/f3_blink.elf.dir/Drivers/STM32F3xx_HAL_Driver/Src/stm32f3xx_hal_rcc_ex.c.obj
 .comment       0x0000000000000075       0x76 CMakeFiles/f3_blink.elf.dir/Drivers/STM32F3xx_HAL_Driver/Src/stm32f3xx_hal_uart.c.obj
 .comment       0x0000000000000075       0x76 CMakeFiles/f3_blink.elf.dir/Src/main.c.obj
 .comment       0x0000000000000075       0x76 CMakeFiles/f3_blink.elf.dir/Src/stm32f3xx_hal_msp.c.obj
 .comment       0x0000000000000075       0x76 CMakeFiles/f3_blink.elf.dir/Src/stm32f3xx_it.c.obj
 .comment       0x0000000000000075       0x76 CMakeFiles/f3_blink.elf.dir/Src/system_stm32f3xx.c.obj

.debug_frame    0x0000000000000000     0x179c
 .debug_frame   0x0000000000000000      0x334 CMakeFiles/f3_blink.elf.dir/Drivers/STM32F3xx_HAL_Driver/Src/stm32f3xx_hal.c.obj
 .debug_frame   0x0000000000000334      0x498 CMakeFiles/f3_blink.elf.dir/Drivers/STM32F3xx_HAL_Driver/Src/stm32f3xx_hal_cortex.c.obj
 .debug_frame   0x00000000000007cc      0x14c CMakeFiles/f3_blink.elf.dir/Drivers/STM32F3xx_HAL_Driver/Src/stm32f3xx_hal_gpio.c.obj
 .debug_frame   0x0000000000000918      0x214 CMakeFiles/f3_blink.elf.dir/Drivers/STM32F3xx_HAL_Driver/Src/stm32f3xx_hal_rcc.c.obj
 .debug_frame   0x0000000000000b2c       0xb4 CMakeFiles/f3_blink.elf.dir/Drivers/STM32F3xx_HAL_Driver/Src/stm32f3xx_hal_rcc_ex.c.obj
 .debug_frame   0x0000000000000be0      0x8d8 CMakeFiles/f3_blink.elf.dir/Drivers/STM32F3xx_HAL_Driver/Src/stm32f3xx_hal_uart.c.obj
 .debug_frame   0x00000000000014b8       0xb8 CMakeFiles/f3_blink.elf.dir/Src/main.c.obj
 .debug_frame   0x0000000000001570       0x7c CMakeFiles/f3_blink.elf.dir/Src/stm32f3xx_hal_msp.c.obj
 .debug_frame   0x00000000000015ec      0x10c CMakeFiles/f3_blink.elf.dir/Src/stm32f3xx_it.c.obj
 .debug_frame   0x00000000000016f8       0x58 CMakeFiles/f3_blink.elf.dir/Src/system_stm32f3xx.c.obj
 .debug_frame   0x0000000000001750       0x2c /usr/bin/../lib/gcc/arm-none-eabi/8.2.1/../../../../arm-none-eabi/lib/thumb/v7e-m/nofp/libg_nano.a(lib_a-init.o)
 .debug_frame   0x000000000000177c       0x20 /usr/bin/../lib/gcc/arm-none-eabi/8.2.1/../../../../arm-none-eabi/lib/thumb/v7e-m/nofp/libg_nano.a(lib_a-memset.o)
